// Jest Snapshot v1, https://goo.gl/fbAQLP

exports[`Collapse Button Matches Snapshot 1`] = `
<button
  className="collapseButton"
  data-testid="collapseButton"
  onClick={[Function]}
>
  <svg
    id="arrowIcon"
    viewBox="0 0 52 36"
    xmlns="http://www.w3.org/2000/svg"
  >
    <g
      data-name="Layer 2"
      id="Layer_2"
    >
      <g
        data-name="Layer 1"
        id="Layer_1-2"
      >
        <line
          className="cls-1"
          x1="1"
          x2="51"
          y1="17.92"
          y2="17.92"
        />
        <line
          className="cls-1"
          x1="51"
          x2="26"
          y1="18"
          y2="1"
        />
        <line
          className="cls-1"
          x1="51"
          x2="26"
          y1="17.83"
          y2="34.83"
        />
      </g>
    </g>
  </svg>
</button>
`;
