// Jest Snapshot v1, https://goo.gl/fbAQLP

exports[`Expense List Item Matches Snapshot 1`] = `
<div
  className="historyListElement"
  data-testid="historyItem"
>
  <div
    className="historyListElementDate"
  >
    06-21
  </div>
  <div
    className="historyListElementCategory"
  >
    Culture
  </div>
  <div
    className="historyListElementAmount"
  >
    100
  </div>
  <div
    className="historyListElementDescription"
  >
    Random description
  </div>
  <div
    className="historyListElementTags"
  >
    <div
      className="tagElement"
    >
      Cinema
    </div>
    <div
      className="tagElement"
    >
      Dog
    </div>
  </div>
  <div
    className="historyListElementControls"
  >
    <button
      aria-label="Preview Image"
      data-testid="previewImageButton"
      onClick={[Function]}
    >
      <svg
        id="imageIcon"
        viewBox="0 0 52 52"
        xmlns="http://www.w3.org/2000/svg"
      >
        <g
          data-name="Layer 2"
          id="Layer_2"
        >
          <g
            data-name="Layer 1"
            id="Layer_1-2"
          >
            <rect
              className="cls-1"
              height="50"
              rx="6"
              width="50"
              x="1"
              y="1"
            />
            <path
              className="cls-2"
              d="M46,44.07H6a1.46,1.46,0,0,1-1.1-2.18l9.54-18.82a1.21,1.21,0,0,1,2.22,0L22.1,33.81l9.35-18.42a1.22,1.22,0,0,1,2.22,0l13.44,26.5A1.46,1.46,0,0,1,46,44.07Z"
            />
            <circle
              className="cls-2"
              cx="10.24"
              cy="10.18"
              r="3.45"
            />
          </g>
        </g>
      </svg>
    </button>
  </div>
</div>
`;
